# serializer version: 1
# name: TestPackage.test_package_create_with_non_anaconda_package_without_install
  dict({
    'message': '''
      
      Nothing found for dummy_pkg_for_tests_with_deps. Most probably, package is not available on Snowflake Anaconda channel.
      Please check the package name or try again with --pypi-download option.
  
    ''',
  })
# ---
