# serializer version: 1
# name: test_nativeapp_deploy_directory_no_recursive
  '''
  ╭─ Error ──────────────────────────────────────────────────────────────────────╮
  │ /private/var/folders/d9/qwvk5h3s1cx9vrqpyjhsxy6m0000gn/T/tmp0dm1i_tl/app     │
  │ root/app/nested is a directory. Add the -r flag to deploy directories.       │
  ╰──────────────────────────────────────────────────────────────────────────────╯
  
  '''
# ---
