# serializer version: 1
# name: test_flow[list-files-not-stage-error]
  '''
  ╭─ Error ──────────────────────────────────────────────────────────────────────╮
  │ REPOSITORY_PATH should be a path to git repository stage with scope          │
  │ provided. For example: @my_repo/branches/main                                │
  ╰──────────────────────────────────────────────────────────────────────────────╯
  
  '''
# ---
