# serializer version: 1
# name: TestPackage.test_package_lookup[snowflake-connector-python]
  '''
  Package snowflake-connector-python is available on the Snowflake Anaconda channel.
  
  '''
# ---
# name: TestPackage.test_package_lookup[some-weird-package-we-dont-know]
  '''
  Nothing found for some-weird-package-we-dont-know. Most probably, package is not avaiable on Snowflake Anaconda channel
  
                      Please check the package name or try again with --pypi-download option
  
  '''
# ---
# name: TestPackage.test_package_lookup_with_install_packages
  '''
  The package some-other-package is supported, but does depend on the
                  following Snowflake supported libraries. You should
                  include the following in your packages:
                  snowflake-snowpark-python
  
  '''
# ---
