# serializer version: 1
# name: TestPackage.test_package_lookup[snowflake-connector-python]
  '''
  Package `snowflake-connector-python` is available in Anaconda. Latest available version: 2.7.12.
  
  '''
# ---
# name: TestPackage.test_package_lookup[some-weird-package-we-dont-know]
  '''
  
  Package `some-weird-package-we-dont-know` is not available in Anaconda. To prepare Snowpark compatible package run:
  snow snowpark package create some-weird-package-we-dont-know
  
  
  '''
# ---
