# serializer version: 1
# name: test_enrich_ex_fn
  "'a/b/c.py','a/b/c','a/b/c.py','a/b/c.jar','a/b/c'"
# ---
# name: test_sanitize_extension_function_data_required_keys
  dict({
    'all_imports': None,
    'all_packages': None,
    'anonymous': False,
    'application_roles': list([
    ]),
    'execute_as': None,
    'external_access_integrations': None,
    'func': 'dummy',
    'handler': None,
    'if_not_exists': False,
    'inline_python_code': None,
    'input_args': list([
    ]),
    'input_sql_types': list([
    ]),
    'object_name': 'SOME_NAME',
    'object_type': 'FUNCTION',
    'raw_imports': list([
      'some/path',
    ]),
    'replace': False,
    'return_sql': 'RETURNS NULL',
    'runtime_version': '3.8',
    'schema': 'CORE',
    'secrets': None,
  })
# ---
