# serializer version: 1
# name: TestDCMRefresh.test_refresh_with_fresh_tables
  '''
  
  UP-TO-DATE                  JW_DCM_TESTALL.ANALYTICS.DYNAMIC_EMPLOYEES
  
  1 up-to-date.
  
  '''
# ---
# name: TestDCMRefresh.test_refresh_with_no_dynamic_tables
  '''
  
  
  No dynamic tables found in the project.
  
  '''
# ---
# name: TestDCMRefresh.test_refresh_with_outdated_tables
  '''
  
  REFRESHED    +12.3k  -1000B JW_DCM_TESTALL.ANALYTICS.DYNAMIC_EMPLOYEES
  
  1 refreshed.
  
  '''
# ---
