# serializer version: 1
# name: test_create_cli[False-False]
  '''
  +-----------------------------------------------------------+
  | key    | value                                            |
  |--------+--------------------------------------------------|
  | status | Image Repository TEST_REPO successfully created. |
  +-----------------------------------------------------------+
  
  '''
# ---
# name: test_create_cli[False-True]
  '''
  +-----------------------------------------------------------+
  | key    | value                                            |
  |--------+--------------------------------------------------|
  | status | Image Repository TEST_REPO successfully created. |
  +-----------------------------------------------------------+
  
  '''
# ---
# name: test_create_cli[True-False]
  '''
  +-----------------------------------------------------------+
  | key    | value                                            |
  |--------+--------------------------------------------------|
  | status | Image Repository TEST_REPO successfully created. |
  +-----------------------------------------------------------+
  
  '''
# ---
# name: test_create_cli_replace_and_if_not_exists
  '''
  ╭─ Error ──────────────────────────────────────────────────────────────────────╮
  │ Options '--if-not-exists' and '--replace' are incompatible.                  │
  ╰──────────────────────────────────────────────────────────────────────────────╯
  
  '''
# ---
