# serializer version: 1
# name: test_latest_metrics
  '''
  +------------------------------------------------------------------------------+
  | TIMESTA | DATABAS | SCHEMA  | SERVICE | INSTANC | CONTAIN | METRIC  | METRIC |
  | MP      | E NAME  | NAME    | NAME    | E ID    | ER NAME | NAME    | VALUE  |
  |---------+---------+---------+---------+---------+---------+---------+--------|
  | 2024-12 | N/A     | N/A     | LOG_EVE | N/A     | log-pri | contain | 0.0005 |
  | -10     |         |         | NT      |         | nter    | er.cpu. | 007168 |
  | 18:53:2 |         |         |         |         |         | usage   | 666666 |
  | 1.80900 |         |         |         |         |         |         | 691    |
  | 0       |         |         |         |         |         |         |        |
  +------------------------------------------------------------------------------+
  
  '''
# ---
