# serializer version: 1
# name: test_deploy_from_project_definition
  '''
  +---------------------------------------------------------------+
  | key    | value                                                |
  |--------+------------------------------------------------------|
  | status | Compute pool TEST_COMPUTE_POOL successfully created. |
  +---------------------------------------------------------------+
  
  '''
# ---
# name: test_deploy_from_project_definition_multiple_compute_pools
  '''
  Usage: root spcs compute-pool deploy [OPTIONS] [ENTITY_ID]
  Try 'root spcs compute-pool deploy --help' for help.
  +- Error ----------------------------------------------------------------------+
  | Multiple compute pools found. Please provide entity id for the operation.    |
  +------------------------------------------------------------------------------+
  
  '''
# ---
# name: test_deploy_from_project_definition_multiple_compute_pools_with_entity_id
  '''
  +---------------------------------------------------------------+
  | key    | value                                                |
  |--------+------------------------------------------------------|
  | status | Compute pool TEST_COMPUTE_POOL successfully created. |
  +---------------------------------------------------------------+
  
  '''
# ---
# name: test_deploy_from_project_definition_replace
  '''
  +---------------------------------------------------------------+
  | key    | value                                                |
  |--------+------------------------------------------------------|
  | status | Compute pool TEST_COMPUTE_POOL successfully created. |
  +---------------------------------------------------------------+
  
  '''
# ---
# name: test_deploy_from_project_definition_with_upgrade
  '''
  +-------------------------------------------+
  | key    | value                            |
  |--------+----------------------------------|
  | status | Statement executed successfully. |
  +-------------------------------------------+
  
  '''
# ---
# name: test_deploy_only_required
  '''
  +---------------------------------------------------------------+
  | key    | value                                                |
  |--------+------------------------------------------------------|
  | status | Compute pool TEST_COMPUTE_POOL successfully created. |
  +---------------------------------------------------------------+
  
  '''
# ---
