# serializer version: 1
# name: test_get_registry_url_no_repositories_cli
  '''
  ╭─ Error ──────────────────────────────────────────────────────────────────────╮
  │ No image repository found. To get the registry url, please switch to a role  │
  │ with read access to at least one image repository or create a new image      │
  │ repository first.                                                            │
  ╰──────────────────────────────────────────────────────────────────────────────╯
  
  '''
# ---
