# serializer version: 1
# name: TestStreamlitCommands.test_multiple_streamlit_raise_error_if_multiple_entities
  '''
  Usage: root streamlit deploy [OPTIONS] [ENTITY_ID]
  Try 'root streamlit deploy --help' for help.
  +- Error ----------------------------------------------------------------------+
  | Multiple entities of type streamlit found. Please provide entity id for the  |
  | operation.                                                                   |
  +------------------------------------------------------------------------------+
  '''
# ---
