# serializer version: 1
# name: test_corrupted_config_raises_human_friendly_error[[corrupted0]
  '''
  ╭─ Error ──────────────────────────────────────────────────────────────────────╮
  │ Configuration file seems to be corrupted. Unexpected end of file at line 1   │
  │ col 10                                                                       │
  ╰──────────────────────────────────────────────────────────────────────────────╯
  
  '''
# ---
# name: test_corrupted_config_raises_human_friendly_error[[corrupted1]
  '''
  ╭─ Error ──────────────────────────────────────────────────────────────────────╮
  │ Configuration file seems to be corrupted. Unexpected end of file at line 1   │
  │ col 10                                                                       │
  ╰──────────────────────────────────────────────────────────────────────────────╯
  
  '''
# ---
