# serializer version: 1
# name: test_queries_help
  '''
  +--------------------------------------------+
  | FILTER    | ARGUMENT             | DEFAULT |
  |-----------+----------------------+---------|
  | amount    | integer              | 25      |
  | status    | string               | any     |
  | warehouse | string               | any     |
  | user      | string               | any     |
  | start     | date in milliseconds | any     |
  | end       | date in milliseconds | any     |
  | type      | string               | any     |
  | duration  | time in milliseconds | any     |
  | session   | No arguments         | any     |
  +--------------------------------------------+
  
  '''
# ---
