# serializer version: 1
# name: test_repl_input_handling
  CaptureResult(
    err='',
    out='''
      ╭──────────────────────────────────────────────────────────────────────────────╮
      │ Welcome to Snowflake-CLI REPL PoC                                            │
      │ Type 'exit' or 'quit' to leave                                               │
      ╰──────────────────────────────────────────────────────────────────────────────╯
      
      Error occurred: Unable to get render width for ('1',); a str, Segment, or object with __rich_console__ method is required
      
      Leaving REPL, bye ...
  
    ''',
  )
# ---
