# serializer version: 1
# name: test_sql_repl_if_no_query_file_or_stdin
  '''
  ╭──────────────────────────────────────────────────────────────────────────────╮
  │ Welcome to Snowflake-CLI REPL                                                │
  │ Type 'exit' or 'quit' to leave                                               │
  ╰──────────────────────────────────────────────────────────────────────────────╯
  
  Leaving REPL, bye ...
  
  '''
# ---
